{"lsp_signature.nvim": {"commit": "72b0d4e"}, "nvim-lsputils": {"commit": "ae1a4a6"}, "hop.nvim": {"commit": "90db1b2"}, "nvim-dap": {"commit": "debd7c2"}, "vim-vsnip": {"commit": "7753ba9"}, "mason.nvim": {"commit": "7f364a3c"}, "nvim-tree.lua": {"commit": "0db85a7"}, "FixCursorHold.nvim": {"commit": "1900f89"}, "telescope-fzf-native.nvim": {"commit": "580b6c4"}, "packer.nvim": {"commit": "1d0cf98"}, "nvim-autopairs": {"commit": "7566a86"}, "vim-surround": {"commit": "3d188ed"}, "nvim-lspconfig": {"commit": "eddaef9"}, "rust-tools.nvim": {"commit": "71d2cf6"}, "nvim-dap-ui": {"commit": "286f682"}, "timer.nvim": {"commit": "aab293f"}, "toggleterm.nvim": {"commit": "026dff5"}, "plenary.nvim": {"commit": "9ac3e95"}, "cmp-vsnip": {"commit": "989a8a7"}, "symbols-outline.nvim": {"commit": "5127919"}, "nvim-web-devicons": {"commit": "4ec26d6"}, "cmp-nvim-lsp": {"commit": "0e6b2ed"}, "nvim-cmp": {"commit": "777450f"}, "vim-oscyank": {"commit": "7fa8b04"}, "nvim-treesitter": {"commit": "654216e"}, "vim-tmux-navigator": {"commit": "cdd66d6"}, "telescope-ui-select.nvim": {"commit": "62ea5e5"}, "telescope.nvim": {"commit": "6258d50"}, "popfix": {"commit": "bf3cc43"}, "mason-lspconfig.nvim": {"commit": "7034065"}, "which-key.nvim": {"commit": "94cb020"}, "monokai.nvim": {"commit": "b8bd44d"}, "trouble.nvim": {"commit": "d56bfc0"}}
